// Jest Snapshot v1, https://goo.gl/fbAQLP

exports[`App should render the App component correctly 1`] = `
<div
  className="container home"
/>
`;
