// Jest Snapshot v1, https://goo.gl/fbAQLP

exports[`App should render the App component correctly 1`] = `
<Fragment>
  <Routes />
  <Connect(ReduxToastr)
    newestOnTop={false}
    preventDuplicates={true}
    timeOut={3000}
    transitionIn="bounceIn"
    transitionOut="fadeOut"
  />
</Fragment>
`;
